resourceMetrics:
  - resource: {}
    scopeMetrics:
      - metrics:
          - gauge:
              dataPoints:
                - asInt: "1"
                  attributes:
                    - key: queue.manager
                      value:
                        stringValue: MQCMD_INQUIRE_Q_MGR_STATUS
                  startTimeUnixNano: "1000000"
                  timeUnixNano: "2000000"
            name: mq.restart.log.size
            unit: "1"
          - gauge:
              dataPoints:
                - asInt: "0"
                  attributes:
                    - key: queue.manager
                      value:
                        stringValue: MQCMD_INQUIRE_Q_MGR_STATUS
                  startTimeUnixNano: "1000000"
                  timeUnixNano: "2000000"
            name: mq.reusable.log.size
            unit: "1"
          - gauge:
              dataPoints:
                - asInt: "0"
                  attributes:
                    - key: queue.manager
                      value:
                        stringValue: MQCMD_INQUIRE_Q_MGR_STATUS
                  startTimeUnixNano: "1000000"
                  timeUnixNano: "2000000"
            name: mq.archive.log.size
            unit: "1"
          - gauge:
              dataPoints:
                - asInt: "1800"
                  attributes:
                    - key: queue.manager
                      value:
                        stringValue: MQCMD_INQUIRE_Q_MGR
                  startTimeUnixNano: "1000000"
                  timeUnixNano: "2000000"
            name: mq.manager.statistics.interval
            unit: "1"
          - gauge:
              dataPoints:
                - asInt: "0"
                  attributes:
                    - key: queue.manager
                      value:
                        stringValue: QM1
                    - key: topic.name
                      value:
                        stringValue: dev
                  startTimeUnixNano: "1000000"
                  timeUnixNano: "2000000"
                - asInt: "0"
                  attributes:
                    - key: queue.manager
                      value:
                        stringValue: QM1
                    - key: topic.name
                      value:
                        stringValue: dev/
                  startTimeUnixNano: "1000000"
                  timeUnixNano: "2000000"
            name: mq.subscription.count
            unit: "1"
          - gauge:
              dataPoints:
                - asInt: "0"
                  attributes:
                    - key: queue.manager
                      value:
                        stringValue: QM1
                    - key: topic.name
                      value:
                        stringValue: dev
                  startTimeUnixNano: "1000000"
                  timeUnixNano: "2000000"
                - asInt: "0"
                  attributes:
                    - key: queue.manager
                      value:
                        stringValue: QM1
                    - key: topic.name
                      value:
                        stringValue: dev/
                  startTimeUnixNano: "1000000"
                  timeUnixNano: "2000000"
            name: mq.publish.count
            unit: "1"
          - gauge:
              dataPoints:
                - asInt: "5000"
                  attributes:
                    - key: queue.manager
                      value:
                        stringValue: QM1
                    - key: queue.name
                      value:
                        stringValue: DEV.APP.MODEL.QUEUE
                    - key: queue.type
                      value:
                        stringValue: model-normal
                  startTimeUnixNano: "1000000"
                  timeUnixNano: "2000000"
                - asInt: "5000"
                  attributes:
                    - key: queue.manager
                      value:
                        stringValue: QM1
                    - key: queue.name
                      value:
                        stringValue: DEV.DEAD.LETTER.QUEUE
                    - key: queue.type
                      value:
                        stringValue: local-normal
                  startTimeUnixNano: "1000000"
                  timeUnixNano: "2000000"
                - asInt: "5000"
                  attributes:
                    - key: queue.manager
                      value:
                        stringValue: QM1
                    - key: queue.name
                      value:
                        stringValue: DEV.QUEUE.1
                    - key: queue.type
                      value:
                        stringValue: local-normal
                  startTimeUnixNano: "1000000"
                  timeUnixNano: "2000000"
                - asInt: "5000"
                  attributes:
                    - key: queue.manager
                      value:
                        stringValue: QM1
                    - key: queue.name
                      value:
                        stringValue: DEV.QUEUE.2
                    - key: queue.type
                      value:
                        stringValue: local-normal
                  startTimeUnixNano: "1000000"
                  timeUnixNano: "2000000"
                - asInt: "5000"
                  attributes:
                    - key: queue.manager
                      value:
                        stringValue: QM1
                    - key: queue.name
                      value:
                        stringValue: DEV.QUEUE.3
                    - key: queue.type
                      value:
                        stringValue: local-normal
                  startTimeUnixNano: "1000000"
                  timeUnixNano: "2000000"
            name: mq.max.queue.depth
            unit: "1"
          - gauge:
              dataPoints:
                - asInt: "0"
                  attributes:
                    - key: queue.manager
                      value:
                        stringValue: QM1
                    - key: queue.name
                      value:
                        stringValue: DEV.APP.MODEL.QUEUE
                    - key: queue.type
                      value:
                        stringValue: model-normal
                  startTimeUnixNano: "1000000"
                  timeUnixNano: "2000000"
                - asInt: "0"
                  attributes:
                    - key: queue.manager
                      value:
                        stringValue: QM1
                    - key: queue.name
                      value:
                        stringValue: DEV.DEAD.LETTER.QUEUE
                    - key: queue.type
                      value:
                        stringValue: local-normal
                  startTimeUnixNano: "1000000"
                  timeUnixNano: "2000000"
                - asInt: "0"
                  attributes:
                    - key: queue.manager
                      value:
                        stringValue: QM1
                    - key: queue.name
                      value:
                        stringValue: DEV.QUEUE.1
                    - key: queue.type
                      value:
                        stringValue: local-normal
                  startTimeUnixNano: "1000000"
                  timeUnixNano: "2000000"
                - asInt: "0"
                  attributes:
                    - key: queue.manager
                      value:
                        stringValue: QM1
                    - key: queue.name
                      value:
                        stringValue: DEV.QUEUE.2
                    - key: queue.type
                      value:
                        stringValue: local-normal
                  startTimeUnixNano: "1000000"
                  timeUnixNano: "2000000"
                - asInt: "0"
                  attributes:
                    - key: queue.manager
                      value:
                        stringValue: QM1
                    - key: queue.name
                      value:
                        stringValue: DEV.QUEUE.3
                    - key: queue.type
                      value:
                        stringValue: local-normal
                  startTimeUnixNano: "1000000"
                  timeUnixNano: "2000000"
            name: mq.service.interval.event
            unit: "1"
          - gauge:
              dataPoints:
                - asInt: "999999999"
                  attributes:
                    - key: queue.manager
                      value:
                        stringValue: QM1
                    - key: queue.name
                      value:
                        stringValue: DEV.APP.MODEL.QUEUE
                    - key: queue.type
                      value:
                        stringValue: model-normal
                  startTimeUnixNano: "1000000"
                  timeUnixNano: "2000000"
                - asInt: "999999999"
                  attributes:
                    - key: queue.manager
                      value:
                        stringValue: QM1
                    - key: queue.name
                      value:
                        stringValue: DEV.DEAD.LETTER.QUEUE
                    - key: queue.type
                      value:
                        stringValue: local-normal
                  startTimeUnixNano: "1000000"
                  timeUnixNano: "2000000"
                - asInt: "999999999"
                  attributes:
                    - key: queue.manager
                      value:
                        stringValue: QM1
                    - key: queue.name
                      value:
                        stringValue: DEV.QUEUE.1
                    - key: queue.type
                      value:
                        stringValue: local-normal
                  startTimeUnixNano: "1000000"
                  timeUnixNano: "2000000"
                - asInt: "999999999"
                  attributes:
                    - key: queue.manager
                      value:
                        stringValue: QM1
                    - key: queue.name
                      value:
                        stringValue: DEV.QUEUE.2
                    - key: queue.type
                      value:
                        stringValue: local-normal
                  startTimeUnixNano: "1000000"
                  timeUnixNano: "2000000"
                - asInt: "999999999"
                  attributes:
                    - key: queue.manager
                      value:
                        stringValue: QM1
                    - key: queue.name
                      value:
                        stringValue: DEV.QUEUE.3
                    - key: queue.type
                      value:
                        stringValue: local-normal
                  startTimeUnixNano: "1000000"
                  timeUnixNano: "2000000"
            name: mq.service.interval
            unit: "1"
          - gauge:
              dataPoints:
                - asInt: "0"
                  attributes:
                    - key: queue.manager
                      value:
                        stringValue: QM1
                    - key: queue.name
                      value:
                        stringValue: DEV.DEAD.LETTER.QUEUE
                    - key: queue.type
                      value:
                        stringValue: local-normal
                  startTimeUnixNano: "1000000"
                  timeUnixNano: "2000000"
                - asInt: "0"
                  attributes:
                    - key: queue.manager
                      value:
                        stringValue: QM1
                    - key: queue.name
                      value:
                        stringValue: DEV.QUEUE.1
                    - key: queue.type
                      value:
                        stringValue: local-normal
                  startTimeUnixNano: "1000000"
                  timeUnixNano: "2000000"
                - asInt: "0"
                  attributes:
                    - key: queue.manager
                      value:
                        stringValue: QM1
                    - key: queue.name
                      value:
                        stringValue: DEV.QUEUE.2
                    - key: queue.type
                      value:
                        stringValue: local-normal
                  startTimeUnixNano: "1000000"
                  timeUnixNano: "2000000"
                - asInt: "0"
                  attributes:
                    - key: queue.manager
                      value:
                        stringValue: QM1
                    - key: queue.name
                      value:
                        stringValue: DEV.QUEUE.3
                    - key: queue.type
                      value:
                        stringValue: local-normal
                  startTimeUnixNano: "1000000"
                  timeUnixNano: "2000000"
            name: mq.queue.depth
            unit: "1"
          - gauge:
              dataPoints:
                - asInt: "0"
                  attributes:
                    - key: queue.manager
                      value:
                        stringValue: QM1
                    - key: queue.name
                      value:
                        stringValue: DEV.DEAD.LETTER.QUEUE
                    - key: queue.type
                      value:
                        stringValue: local-normal
                  startTimeUnixNano: "1000000"
                  timeUnixNano: "2000000"
                - asInt: "0"
                  attributes:
                    - key: queue.manager
                      value:
                        stringValue: QM1
                    - key: queue.name
                      value:
                        stringValue: DEV.QUEUE.1
                    - key: queue.type
                      value:
                        stringValue: local-normal
                  startTimeUnixNano: "1000000"
                  timeUnixNano: "2000000"
                - asInt: "0"
                  attributes:
                    - key: queue.manager
                      value:
                        stringValue: QM1
                    - key: queue.name
                      value:
                        stringValue: DEV.QUEUE.2
                    - key: queue.type
                      value:
                        stringValue: local-normal
                  startTimeUnixNano: "1000000"
                  timeUnixNano: "2000000"
                - asInt: "0"
                  attributes:
                    - key: queue.manager
                      value:
                        stringValue: QM1
                    - key: queue.name
                      value:
                        stringValue: DEV.QUEUE.3
                    - key: queue.type
                      value:
                        stringValue: local-normal
                  startTimeUnixNano: "1000000"
                  timeUnixNano: "2000000"
            name: mq.open.output.count
            unit: "1"
          - gauge:
              dataPoints:
                - asInt: "0"
                  attributes:
                    - key: queue.manager
                      value:
                        stringValue: QM1
                    - key: queue.name
                      value:
                        stringValue: DEV.DEAD.LETTER.QUEUE
                    - key: queue.type
                      value:
                        stringValue: local-normal
                  startTimeUnixNano: "1000000"
                  timeUnixNano: "2000000"
                - asInt: "0"
                  attributes:
                    - key: queue.manager
                      value:
                        stringValue: QM1
                    - key: queue.name
                      value:
                        stringValue: DEV.QUEUE.1
                    - key: queue.type
                      value:
                        stringValue: local-normal
                  startTimeUnixNano: "1000000"
                  timeUnixNano: "2000000"
                - asInt: "0"
                  attributes:
                    - key: queue.manager
                      value:
                        stringValue: QM1
                    - key: queue.name
                      value:
                        stringValue: DEV.QUEUE.2
                    - key: queue.type
                      value:
                        stringValue: local-normal
                  startTimeUnixNano: "1000000"
                  timeUnixNano: "2000000"
                - asInt: "0"
                  attributes:
                    - key: queue.manager
                      value:
                        stringValue: QM1
                    - key: queue.name
                      value:
                        stringValue: DEV.QUEUE.3
                    - key: queue.type
                      value:
                        stringValue: local-normal
                  startTimeUnixNano: "1000000"
                  timeUnixNano: "2000000"
            name: mq.open.input.count
            unit: "1"
          - gauge:
              dataPoints:
                - asInt: "0"
                  attributes:
                    - key: queue.manager
                      value:
                        stringValue: MQCMD_INQUIRE_CHANNEL_STATUS
                  startTimeUnixNano: "1000000"
                  timeUnixNano: "2000000"
            name: mq.manager.active.channels
            unit: "1"
          - gauge:
              dataPoints:
                - asInt: "999999999"
                  attributes:
                    - key: channel.name
                      value:
                        stringValue: DEV.ADMIN.SVRCONN
                    - key: queue.manager
                      value:
                        stringValue: QM1
                  startTimeUnixNano: "1000000"
                  timeUnixNano: "2000000"
                - asInt: "999999999"
                  attributes:
                    - key: channel.name
                      value:
                        stringValue: DEV.APP.SVRCONN
                    - key: queue.manager
                      value:
                        stringValue: QM1
                  startTimeUnixNano: "1000000"
                  timeUnixNano: "2000000"
            name: mq.instances.per.client
            unit: "1"
          - gauge:
              dataPoints:
                - asInt: "999999999"
                  attributes:
                    - key: channel.name
                      value:
                        stringValue: DEV.ADMIN.SVRCONN
                    - key: queue.manager
                      value:
                        stringValue: QM1
                  startTimeUnixNano: "1000000"
                  timeUnixNano: "2000000"
                - asInt: "999999999"
                  attributes:
                    - key: channel.name
                      value:
                        stringValue: DEV.APP.SVRCONN
                    - key: queue.manager
                      value:
                        stringValue: QM1
                  startTimeUnixNano: "1000000"
                  timeUnixNano: "2000000"
            name: mq.max.instances
            unit: "1"
          - gauge:
              dataPoints:
                - asInt: "0"
                  attributes:
                    - key: queue.manager
                      value:
                        stringValue: QM1
                    - key: queue.name
                      value:
                        stringValue: DEV.DEAD.LETTER.QUEUE
                    - key: queue.type
                      value:
                        stringValue: local-normal
                  startTimeUnixNano: "1000000"
                  timeUnixNano: "2000000"
                - asInt: "0"
                  attributes:
                    - key: queue.manager
                      value:
                        stringValue: QM1
                    - key: queue.name
                      value:
                        stringValue: DEV.QUEUE.1
                    - key: queue.type
                      value:
                        stringValue: local-normal
                  startTimeUnixNano: "1000000"
                  timeUnixNano: "2000000"
                - asInt: "0"
                  attributes:
                    - key: queue.manager
                      value:
                        stringValue: QM1
                    - key: queue.name
                      value:
                        stringValue: DEV.QUEUE.2
                    - key: queue.type
                      value:
                        stringValue: local-normal
                  startTimeUnixNano: "1000000"
                  timeUnixNano: "2000000"
                - asInt: "0"
                  attributes:
                    - key: queue.manager
                      value:
                        stringValue: QM1
                    - key: queue.name
                      value:
                        stringValue: DEV.QUEUE.3
                    - key: queue.type
                      value:
                        stringValue: local-normal
                  startTimeUnixNano: "1000000"
                  timeUnixNano: "2000000"
            name: mq.high.queue.depth
            unit: "1"
          - gauge:
              dataPoints:
                - asInt: "0"
                  attributes:
                    - key: queue.manager
                      value:
                        stringValue: QM1
                    - key: queue.name
                      value:
                        stringValue: DEV.DEAD.LETTER.QUEUE
                    - key: queue.type
                      value:
                        stringValue: local-normal
                  startTimeUnixNano: "1000000"
                  timeUnixNano: "2000000"
                - asInt: "0"
                  attributes:
                    - key: queue.manager
                      value:
                        stringValue: QM1
                    - key: queue.name
                      value:
                        stringValue: DEV.QUEUE.1
                    - key: queue.type
                      value:
                        stringValue: local-normal
                  startTimeUnixNano: "1000000"
                  timeUnixNano: "2000000"
                - asInt: "0"
                  attributes:
                    - key: queue.manager
                      value:
                        stringValue: QM1
                    - key: queue.name
                      value:
                        stringValue: DEV.QUEUE.2
                    - key: queue.type
                      value:
                        stringValue: local-normal
                  startTimeUnixNano: "1000000"
                  timeUnixNano: "2000000"
                - asInt: "0"
                  attributes:
                    - key: queue.manager
                      value:
                        stringValue: QM1
                    - key: queue.name
                      value:
                        stringValue: DEV.QUEUE.3
                    - key: queue.type
                      value:
                        stringValue: local-normal
                  startTimeUnixNano: "1000000"
                  timeUnixNano: "2000000"
            name: mq.message.deq.count
            unit: "1"
          - gauge:
              dataPoints:
                - asInt: "0"
                  attributes:
                    - key: queue.manager
                      value:
                        stringValue: QM1
                    - key: queue.name
                      value:
                        stringValue: DEV.DEAD.LETTER.QUEUE
                    - key: queue.type
                      value:
                        stringValue: local-normal
                  startTimeUnixNano: "1000000"
                  timeUnixNano: "2000000"
                - asInt: "0"
                  attributes:
                    - key: queue.manager
                      value:
                        stringValue: QM1
                    - key: queue.name
                      value:
                        stringValue: DEV.QUEUE.1
                    - key: queue.type
                      value:
                        stringValue: local-normal
                  startTimeUnixNano: "1000000"
                  timeUnixNano: "2000000"
                - asInt: "0"
                  attributes:
                    - key: queue.manager
                      value:
                        stringValue: QM1
                    - key: queue.name
                      value:
                        stringValue: DEV.QUEUE.2
                    - key: queue.type
                      value:
                        stringValue: local-normal
                  startTimeUnixNano: "1000000"
                  timeUnixNano: "2000000"
                - asInt: "0"
                  attributes:
                    - key: queue.manager
                      value:
                        stringValue: QM1
                    - key: queue.name
                      value:
                        stringValue: DEV.QUEUE.3
                    - key: queue.type
                      value:
                        stringValue: local-normal
                  startTimeUnixNano: "1000000"
                  timeUnixNano: "2000000"
            name: mq.message.enq.count
            unit: "1"
          - gauge:
              dataPoints:
                - asInt: "-1"
                  attributes:
                    - key: queue.manager
                      value:
                        stringValue: WebsphereMQ
                    - key: queue.name
                      value:
                        stringValue: Queues
                    - key: queue.type
                      value:
                        stringValue: DEV.DEAD.LETTER.QUEUE
                  startTimeUnixNano: "1000000"
                  timeUnixNano: "2000000"
                - asInt: "-1"
                  attributes:
                    - key: queue.manager
                      value:
                        stringValue: WebsphereMQ
                    - key: queue.name
                      value:
                        stringValue: Queues
                    - key: queue.type
                      value:
                        stringValue: DEV.QUEUE.1
                  startTimeUnixNano: "1000000"
                  timeUnixNano: "2000000"
                - asInt: "-1"
                  attributes:
                    - key: queue.manager
                      value:
                        stringValue: WebsphereMQ
                    - key: queue.name
                      value:
                        stringValue: Queues
                    - key: queue.type
                      value:
                        stringValue: DEV.QUEUE.2
                  startTimeUnixNano: "1000000"
                  timeUnixNano: "2000000"
                - asInt: "-1"
                  attributes:
                    - key: queue.manager
                      value:
                        stringValue: WebsphereMQ
                    - key: queue.name
                      value:
                        stringValue: Queues
                    - key: queue.type
                      value:
                        stringValue: DEV.QUEUE.3
                  startTimeUnixNano: "1000000"
                  timeUnixNano: "2000000"
            name: mq.onqtime.1
            unit: "1"
          - gauge:
              dataPoints:
                - asInt: "-1"
                  attributes:
                    - key: queue.manager
                      value:
                        stringValue: WebsphereMQ
                    - key: queue.name
                      value:
                        stringValue: Queues
                    - key: queue.type
                      value:
                        stringValue: DEV.DEAD.LETTER.QUEUE
                  startTimeUnixNano: "1000000"
                  timeUnixNano: "2000000"
                - asInt: "-1"
                  attributes:
                    - key: queue.manager
                      value:
                        stringValue: WebsphereMQ
                    - key: queue.name
                      value:
                        stringValue: Queues
                    - key: queue.type
                      value:
                        stringValue: DEV.QUEUE.1
                  startTimeUnixNano: "1000000"
                  timeUnixNano: "2000000"
                - asInt: "-1"
                  attributes:
                    - key: queue.manager
                      value:
                        stringValue: WebsphereMQ
                    - key: queue.name
                      value:
                        stringValue: Queues
                    - key: queue.type
                      value:
                        stringValue: DEV.QUEUE.2
                  startTimeUnixNano: "1000000"
                  timeUnixNano: "2000000"
                - asInt: "-1"
                  attributes:
                    - key: queue.manager
                      value:
                        stringValue: WebsphereMQ
                    - key: queue.name
                      value:
                        stringValue: Queues
                    - key: queue.type
                      value:
                        stringValue: DEV.QUEUE.3
                  startTimeUnixNano: "1000000"
                  timeUnixNano: "2000000"
            name: mq.onqtime.2
            unit: "1"
          - gauge:
              dataPoints:
                - asInt: "1"
                  attributes:
                    - key: queue.manager
                      value:
                        stringValue: QM1
                    - key: queue.name
                      value:
                        stringValue: DEV.DEAD.LETTER.QUEUE
                    - key: queue.type
                      value:
                        stringValue: local-normal
                  startTimeUnixNano: "1000000"
                  timeUnixNano: "2000000"
                - asInt: "1"
                  attributes:
                    - key: queue.manager
                      value:
                        stringValue: QM1
                    - key: queue.name
                      value:
                        stringValue: DEV.QUEUE.1
                    - key: queue.type
                      value:
                        stringValue: local-normal
                  startTimeUnixNano: "1000000"
                  timeUnixNano: "2000000"
                - asInt: "1"
                  attributes:
                    - key: queue.manager
                      value:
                        stringValue: QM1
                    - key: queue.name
                      value:
                        stringValue: DEV.QUEUE.2
                    - key: queue.type
                      value:
                        stringValue: local-normal
                  startTimeUnixNano: "1000000"
                  timeUnixNano: "2000000"
                - asInt: "1"
                  attributes:
                    - key: queue.manager
                      value:
                        stringValue: QM1
                    - key: queue.name
                      value:
                        stringValue: DEV.QUEUE.3
                    - key: queue.type
                      value:
                        stringValue: local-normal
                  startTimeUnixNano: "1000000"
                  timeUnixNano: "2000000"
            name: mq.current.queue.filesize
            unit: "1"
          - gauge:
              dataPoints:
                - asInt: "-1"
                  attributes:
                    - key: queue.manager
                      value:
                        stringValue: QM1
                    - key: queue.name
                      value:
                        stringValue: DEV.DEAD.LETTER.QUEUE
                    - key: queue.type
                      value:
                        stringValue: local-normal
                  startTimeUnixNano: "1000000"
                  timeUnixNano: "2000000"
                - asInt: "-1"
                  attributes:
                    - key: queue.manager
                      value:
                        stringValue: QM1
                    - key: queue.name
                      value:
                        stringValue: DEV.QUEUE.1
                    - key: queue.type
                      value:
                        stringValue: local-normal
                  startTimeUnixNano: "1000000"
                  timeUnixNano: "2000000"
                - asInt: "-1"
                  attributes:
                    - key: queue.manager
                      value:
                        stringValue: QM1
                    - key: queue.name
                      value:
                        stringValue: DEV.QUEUE.2
                    - key: queue.type
                      value:
                        stringValue: local-normal
                  startTimeUnixNano: "1000000"
                  timeUnixNano: "2000000"
                - asInt: "-1"
                  attributes:
                    - key: queue.manager
                      value:
                        stringValue: QM1
                    - key: queue.name
                      value:
                        stringValue: DEV.QUEUE.3
                    - key: queue.type
                      value:
                        stringValue: local-normal
                  startTimeUnixNano: "1000000"
                  timeUnixNano: "2000000"
            name: mq.oldest.msg.age
            unit: "1"
          - gauge:
              dataPoints:
                - asInt: "2088960"
                  attributes:
                    - key: queue.manager
                      value:
                        stringValue: QM1
                    - key: queue.name
                      value:
                        stringValue: DEV.DEAD.LETTER.QUEUE
                    - key: queue.type
                      value:
                        stringValue: local-normal
                  startTimeUnixNano: "1000000"
                  timeUnixNano: "2000000"
                - asInt: "2088960"
                  attributes:
                    - key: queue.manager
                      value:
                        stringValue: QM1
                    - key: queue.name
                      value:
                        stringValue: DEV.QUEUE.1
                    - key: queue.type
                      value:
                        stringValue: local-normal
                  startTimeUnixNano: "1000000"
                  timeUnixNano: "2000000"
                - asInt: "2088960"
                  attributes:
                    - key: queue.manager
                      value:
                        stringValue: QM1
                    - key: queue.name
                      value:
                        stringValue: DEV.QUEUE.2
                    - key: queue.type
                      value:
                        stringValue: local-normal
                  startTimeUnixNano: "1000000"
                  timeUnixNano: "2000000"
                - asInt: "2088960"
                  attributes:
                    - key: queue.manager
                      value:
                        stringValue: QM1
                    - key: queue.name
                      value:
                        stringValue: DEV.QUEUE.3
                    - key: queue.type
                      value:
                        stringValue: local-normal
                  startTimeUnixNano: "1000000"
                  timeUnixNano: "2000000"
            name: mq.current.max.queue.filesize
            unit: "1"
          - gauge:
              dataPoints:
                - asInt: "0"
                  attributes:
                    - key: queue.manager
                      value:
                        stringValue: QM1
                    - key: queue.name
                      value:
                        stringValue: DEV.DEAD.LETTER.QUEUE
                    - key: queue.type
                      value:
                        stringValue: local-normal
                  startTimeUnixNano: "1000000"
                  timeUnixNano: "2000000"
                - asInt: "0"
                  attributes:
                    - key: queue.manager
                      value:
                        stringValue: QM1
                    - key: queue.name
                      value:
                        stringValue: DEV.QUEUE.1
                    - key: queue.type
                      value:
                        stringValue: local-normal
                  startTimeUnixNano: "1000000"
                  timeUnixNano: "2000000"
                - asInt: "0"
                  attributes:
                    - key: queue.manager
                      value:
                        stringValue: QM1
                    - key: queue.name
                      value:
                        stringValue: DEV.QUEUE.2
                    - key: queue.type
                      value:
                        stringValue: local-normal
                  startTimeUnixNano: "1000000"
                  timeUnixNano: "2000000"
                - asInt: "0"
                  attributes:
                    - key: queue.manager
                      value:
                        stringValue: QM1
                    - key: queue.name
                      value:
                        stringValue: DEV.QUEUE.3
                    - key: queue.type
                      value:
                        stringValue: local-normal
                  startTimeUnixNano: "1000000"
                  timeUnixNano: "2000000"
            name: mq.uncommitted.messages
            unit: "1"
          - gauge:
              dataPoints:
                - asInt: "1"
                  attributes:
                    - key: queue.manager
                      value:
                        stringValue: QM1
                  startTimeUnixNano: "1000000"
                  timeUnixNano: "2000000"
            name: mq.heartbeat
            unit: "1"
        scope:
          name: websphere/mq
